// Jest Snapshot v1, https://goo.gl/fbAQLP

exports[`Menu should render properly 1`] = `
<div>
  <div
    class="MuiDrawer-root MuiDrawer-docked"
  >
    <div
      class="MuiPaper-root MuiDrawer-paper MuiDrawer-paperAnchorLeft MuiDrawer-paperAnchorDockedLeft MuiPaper-elevation0"
      style="visibility: hidden; webkit-transform: translateX(-0px); transform: translateX(-0px);"
    >
      <div
        class="MuiToolbar-root MuiToolbar-regular makeStyles-drawer-1 MuiToolbar-gutters"
      >
        <button
          class="MuiButtonBase-root MuiIconButton-root"
          tabindex="0"
          type="button"
        >
          <span
            class="MuiIconButton-label"
          >
            <svg
              aria-hidden="true"
              class="MuiSvgIcon-root"
              focusable="false"
              viewBox="0 0 24 24"
            >
              <path
                d="M15.41 7.41L14 6l-6 6 6 6 1.41-1.41L10.83 12z"
              />
            </svg>
          </span>
          <span
            class="MuiTouchRipple-root"
          />
        </button>
      </div>
    </div>
  </div>
</div>
`;
